D3D1793BD3D3BBD5553B
B87C16C296B84451792A
86BD6B9443C43BBC7A86
8543906D143BAC013E83
ABD42E97EBC0416AEBAE
8039438516BC3AD2BC43
EEAA928383C16E928116
BBAEE82EEA9457AC6A87
82C796AFBAEFFF8796AB
AE93ABAFC4557F83C782
A96C46AFFFBFFFAE916E
C0397D6D3FAFD507A813
D2AAD3D3AFAFFF87EAEA
94407ABA87A91143BA92
C7D6D406C3C2AED2AAAA
D3B97D411416ED382EEE
D2AAD17EC3ED3942C557
B842947D507BAED053D3
82B84153945443B87856
EC6C7ED46D5556C6D457

0,0
19,14
ESSWSEEESENEENEEESESEEEENESSSSENEESSSSWSEESSS
